<frozen site>:101: RuntimeWarning: Unexpected value in sys.prefix, expected /Users/fabrizioboninsegna/Projects/BipowerQuant/.venv, got /Users/fabrizioboninsegna/Projects/BipowerQuant/python/../.venv
<frozen site>:101: RuntimeWarning: Unexpected value in sys.exec_prefix, expected /Users/fabrizioboninsegna/Projects/BipowerQuant/.venv, got /Users/fabrizioboninsegna/Projects/BipowerQuant/python/../.venv
1. Loading 1 bar cache(s) ...
   15,638,400 bars | BTCUSDT-trades-2026-01.csv + BTCUSDT-trades-2026-02.csv + BTCUSDT-trades-2026-03.csv + BTCUSDT-trades-2026-04.csv + BTCUSDT-trades-2026-05.csv + BTCUSDT-trades-2026-06.csv
2. Building features and labels ...
   15,638,041 windows | barrier touched in 39.70%
3. 3 anchored fold(s):
   2026-01..2026-03 -> 2026-04
   2026-01..2026-04 -> 2026-05
   2026-01..2026-05 -> 2026-06
   PatchTST probabilities supplied for: 2026-01..2026-03 -> 2026-04, 2026-01..2026-04 -> 2026-05, 2026-01..2026-05 -> 2026-06
   Roll half-spread estimate: 0.0007 bp
   round trip 6.00 bp vs barrier 5.00 bp  ->  NEGATIVE by construction

4. Fold 2026-01..2026-03 -> 2026-04
   train 1,555,129 | test 2,592,000
   gate AUC  trained 0.7801 | RV 0.7748 | touch rate 32.79%
   side AUC  Logistic Regression (OFI)  0.5035
   side AUC  Logistic Regression (7f)   0.5053
   side AUC  XGBoost                    0.5104
   side AUC  PatchTST                   0.5477

4. Fold 2026-01..2026-04 -> 2026-05
   train 2,073,529 | test 2,678,400
   gate AUC  trained 0.7777 | RV 0.7728 | touch rate 21.43%
   side AUC  Logistic Regression (OFI)  0.4957
   side AUC  Logistic Regression (7f)   0.4865
   side AUC  XGBoost                    0.5332
   side AUC  PatchTST                   0.5847

4. Fold 2026-01..2026-05 -> 2026-06
   train 2,609,209 | test 2,591,641
   gate AUC  trained 0.8023 | RV 0.7977 | touch rate 46.36%
   side AUC  Logistic Regression (OFI)  0.5087
   side AUC  Logistic Regression (7f)   0.5090
   side AUC  XGBoost                    0.5107
   side AUC  PatchTST                   0.5564

5. Pooled out-of-sample backtest
model                      gate           keep    trades     hit  hit|res    gross      net   Sharpe             95% CI
-----------------------------------------------------------------------------------------------------------------------
Logistic Regression (OFI)  rv@0.9         5.3%    23,914  48.18%   50.84%    0.016   -5.985    -9.78    [-16.56, -8.06]
XGBoost                    rv@0.9         5.3%    23,914  47.72%   50.36%   -0.010   -6.011    -9.81    [-16.84, -8.09]
Logistic Regression (7f)   rv@0.9         5.3%    23,914  48.43%   51.11%    0.036   -5.966    -9.81    [-16.72, -8.06]
Logistic Regression (OFI)  trained@0.9    5.5%    25,228  47.93%   50.57%   -0.026   -6.027    -9.91    [-16.64, -8.26]
PatchTST                   rv@0.9         5.3%    23,914  48.62%   51.32%    0.205   -5.796    -9.92    [-17.11, -8.19]
XGBoost                    trained@0.9    5.5%    25,228  47.60%   50.22%   -0.037   -6.039    -9.93    [-16.75, -8.27]
Logistic Regression (7f)   trained@0.9    5.5%    25,228  48.23%   50.89%    0.005   -5.997    -9.97    [-16.78, -8.30]
PatchTST                   trained@0.9    5.5%    25,228  48.78%   51.47%    0.234   -5.767   -10.03    [-17.13, -8.35]
XGBoost                    rv@0.8        11.8%    41,049  44.42%   50.21%   -0.034   -6.035   -12.35   [-19.20, -10.38]
Logistic Regression (OFI)  rv@0.8        11.8%    41,049  44.90%   50.76%   -0.001   -6.003   -12.36   [-19.17, -10.38]
Logistic Regression (7f)   rv@0.8        11.8%    41,049  45.08%   50.97%    0.009   -5.993   -12.39   [-19.25, -10.42]
PatchTST                   rv@0.8        11.8%    41,049  45.84%   51.82%    0.251   -5.750   -12.56   [-19.54, -10.54]
XGBoost                    trained@0.8   12.2%    42,816  44.42%   50.20%   -0.038   -6.040   -12.72   [-19.63, -10.60]
Logistic Regression (7f)   trained@0.8   12.2%    42,816  45.15%   51.03%    0.015   -5.987   -12.72   [-19.61, -10.58]
Logistic Regression (OFI)  trained@0.8   12.2%    42,816  44.81%   50.64%   -0.008   -6.009   -12.73   [-19.50, -10.58]
PatchTST                   trained@0.8   12.2%    42,816  45.82%   51.78%    0.249   -5.752   -12.91   [-19.86, -10.80]
XGBoost                    rv@0.5        35.6%    85,831  35.68%   50.25%   -0.009   -6.010   -20.84   [-26.16, -17.70]
Logistic Regression (7f)   rv@0.5        35.6%    85,831  35.90%   50.56%    0.002   -6.000   -20.92   [-26.27, -17.81]
Logistic Regression (OFI)  rv@0.5        35.6%    85,831  35.78%   50.39%   -0.005   -6.006   -20.92   [-26.20, -17.81]
PatchTST                   rv@0.5        35.6%    85,831  37.63%   52.99%    0.297   -5.704   -21.17   [-26.57, -17.96]
XGBoost                    trained@0.5   36.4%    87,868  35.63%   50.40%    0.002   -5.999   -21.19   [-26.53, -18.03]
Logistic Regression (7f)   trained@0.5   36.4%    87,868  35.74%   50.56%    0.004   -5.997   -21.32   [-26.63, -18.14]
Logistic Regression (OFI)  trained@0.5   36.4%    87,868  35.56%   50.30%   -0.008   -6.010   -21.34   [-26.54, -18.15]
PatchTST                   trained@0.5   36.4%    87,868  37.38%   52.88%    0.287   -5.714   -21.60   [-27.05, -18.37]
XGBoost                    none         100.0%   173,445  22.74%   50.80%    0.003   -5.999   -61.63   [-96.70, -47.84]
Logistic Regression (OFI)  none         100.0%   173,445  22.38%   49.99%   -0.005   -6.006   -62.23   [-97.54, -48.45]
Logistic Regression (7f)   none         100.0%   173,445  22.47%   50.20%    0.002   -5.999   -62.28   [-98.25, -48.49]
PatchTST                   none         100.0%   173,445  24.08%   53.81%    0.242   -5.759   -64.36  [-103.05, -49.94]

hit     = predicted barrier touched first, over all trades
hit|res = the same, over trades that reached a horizontal barrier at all
          (the second is what B(2h-1) > c is about)

Wrote ../data/wf_5bp.json
